// Jest Snapshot v1, https://goo.gl/fbAQLP

exports[`Renders App 1`] = `
<div>
  <div>
    <div
      class="css-14fp8fi"
    />
    <div
      class="css-19qgtyd"
    />
    <div
      class="css-ajann8"
    />
    <div>
      <header
        class="MuiPaper-root MuiPaper-elevation MuiPaper-elevation4 MuiAppBar-root MuiAppBar-colorPrimary MuiAppBar-positionStatic css-hip9hq-MuiPaper-root-MuiAppBar-root"
        style="background: rgb(79, 79, 75);"
      >
        <div
          class="MuiToolbar-root MuiToolbar-gutters MuiToolbar-regular css-hyum1k-MuiToolbar-root"
        >
          <button
            class="MuiButtonBase-root MuiButton-root MuiButton-text MuiButton-textPrimary MuiButton-sizeMedium MuiButton-textSizeMedium MuiButton-root MuiButton-text MuiButton-textPrimary MuiButton-sizeMedium MuiButton-textSizeMedium css-1csl68j-MuiButtonBase-root-MuiButton-root"
            tabindex="0"
            type="button"
          >
            Home
            <span
              class="MuiTouchRipple-root css-8je8zh-MuiTouchRipple-root"
            />
          </button>
          <button
            class="MuiButtonBase-root MuiButton-root MuiButton-text MuiButton-textPrimary MuiButton-sizeMedium MuiButton-textSizeMedium MuiButton-root MuiButton-text MuiButton-textPrimary MuiButton-sizeMedium MuiButton-textSizeMedium css-qx4n15-MuiButtonBase-root-MuiButton-root"
            tabindex="0"
            type="button"
          >
            Game Demos
            <span
              class="MuiTouchRipple-root css-8je8zh-MuiTouchRipple-root"
            />
          </button>
        </div>
      </header>
    </div>
  </div>
</div>
`;
